// Jest Snapshot v1, https://goo.gl/fbAQLP

exports[`renders the app component 1`] = `
<BrowserRouter>
  <Main />
</BrowserRouter>
`;
