// Jest Snapshot v1, https://goo.gl/fbAQLP

exports[`renders the main component 1`] = `
<main
  role="main"
>
  <Switch>
    <Route
      component={[Function]}
      exact={true}
      path="/"
    />
    <Route
      component={[Function]}
      path="/login"
    />
    <Route
      component={[Function]}
      path="/register"
    />
  </Switch>
</main>
`;
