// Jest Snapshot v1, https://goo.gl/fbAQLP

exports[`renders the nav_bar_dropdown component 1`] = `""`;
