// Jest Snapshot v1, https://goo.gl/fbAQLP

exports[`renders the shopping_list component 1`] = `<ShoppingList />`;
